// Jest Snapshot v1, https://goo.gl/fbAQLP

exports[`Focus Handler Component should render snapshot 1`] = `
<DocumentFragment>
  <div
    class="makeStyles-root-1"
    tabindex="0"
  >
    content goes here
  </div>
</DocumentFragment>
`;
