// Jest Snapshot v1, https://goo.gl/fbAQLP

exports[`Question Component render snapshot 1`] = `
<DocumentFragment>
  <div
    class="MuiTypography-root makeStyles-question-1 MuiTypography-h4"
  >
    <strong>
      This is a question
    </strong>
  </div>
</DocumentFragment>
`;
